05-19 10:57:56.693 17311 17342 I tflite  : Initialized TensorFlow Lite runtime.
05-19 10:57:58.221 17397 17483 I RoninKernel_Native: SUCCESS: Ronin Kernel Bridge Hydrated on Worker Thread.
05-19 10:57:58.314 17397 17397 I RoninKernel_Native: Successfully synced cloud providers to internal storage.
05-19 10:57:58.333 17397 17483 W RoninKernel_Native: Waiting for Inference Service binding...
05-19 10:57:58.338 13718 13718 I RoninKernel_Native: Service bound
05-19 10:57:58.383 17397 17397 I RoninKernel_Native: Inference Service Connected (IPC Active).
05-19 10:57:58.834 17397 17483 I RoninKernel_JNI: Integrity: Model verified (TFLite format detected).
05-19 10:57:58.834 17397 17483 I RoninKernel_Native: >>> [Phase 8.0 Microkernel] Delegating Hydration to :inference_core
05-19 10:57:58.834 13718 17164 I RoninKernel_Native: Loading model: /data/user/0/com.ronin.kernel/files/models/gemma-2b-it-gpu-int4.bin
05-19 10:57:58.834 13718 17164 I RoninKernel_Native: >>> IPC Hydration Request for: /data/user/0/com.ronin.kernel/files/models/gemma-2b-it-gpu-int4.bin
05-19 10:57:58.835 13718 17164 I RoninKernel_Native: Hydration Guard: FileSize=1291MB, FreeRAM=1.8594322GB, Required=1.2GB
05-19 10:57:58.835 13718 17164 I RoninKernel_Native: Backing up to Legacy MediaPipe Engine for .bin model.
05-19 10:58:10.665 12165 13254 I Delight5Facilitator: KeyCorrectionTfliteModelLoader.call():32 Running Key Correction Tflite Model loader
05-19 10:58:12.026 12165 13254 I Delight5Facilitator: KeyCorrectionTfliteModelLoader.call():32 Running Key Correction Tflite Model loader
05-19 10:58:12.878 17397 17397 I RoninNeuralEmbedding: Loading Multilingual-E5-Small (C API): /data/user/0/com.ronin.kernel/files/assets/models/multilingual-e5-small.tflite
05-19 10:58:12.946 17397 17397 I tflite  : Initialized TensorFlow Lite runtime.
05-19 10:58:12.953 17397 17397 I RoninNeuralEmbedding: Loading SentencePiece: /data/user/0/com.ronin.kernel/files/assets/sentencepiece.bpe.model
05-19 10:58:13.991 17397 17397 I RoninNeuralEmbedding: Expert Native Path (C API) Hydrated Successfully.
05-19 10:58:17.486 17397 17886 D RoninKernel_Native: >>> [Microkernel] Worker Reasoning: '<bos><start_of_turn>user
05-19 10:58:17.486 17397 17886 D RoninKernel_Native: မင်္ဂလာပါ<end_of_turn>
05-19 10:58:17.486 17397 17886 D RoninKernel_Native: <start_of_turn>model
05-19 10:58:17.486 17397 17886 D RoninKernel_Native: '
05-19 10:58:17.491 17397 17485 D RoninKernel_Native: Starting SHM Inference Polling (Non-Cancellable)...
05-19 10:58:17.581 17397 17397 D RoninKernel_Native: SHM Polling already active. Skipping restart.
05-19 10:58:17.583 13718 17164 D RoninKernel_Native: Running reasoning for: <bos><start_of_turn>user
05-19 10:58:17.583 13718 17164 D RoninKernel_Native: မင်္ဂလာပါ<end_of_turn>
05-19 10:58:17.583 13718 17164 D RoninKernel_Native: <start_of_turn>model
05-19 10:58:17.583 13718 17164 D RoninKernel_Native: Executing Reasoning [SafeMode: false].
05-19 10:58:17.608 17397 17397 E tflite  : tensorflow/lite/kernels/gather.cc:159 indices_has_only_positive_elements was not true.
05-19 10:58:17.609 17397 17397 E tflite  : gather index out of bounds
05-19 10:58:17.609 17397 17397 E tflite  : Node number 5 (GATHER) failed to invoke.
05-19 10:58:17.609 17397 17397 E RoninNeuralEmbedding: Inference failed.
05-19 10:58:17.611 17397 17397 I RoninKernel_Native: Memory Bridge: Generated 0-dim embedding for MM text.
05-19 10:58:17.736 17397 17397 I RoninKernel_Native: <<< [Microkernel] Async stream active in worker. Native polling engaged.
05-19 10:58:21.726 17397 17483 D RoninKernel_Native: SHM Stream Finalized.
05-19 10:58:26.626 13718 13718 I RoninKernel_Native: Service destroyed
05-19 10:58:28.587 18372 18372 D nativeloader:   com_android_adservices: libhpke_jni.so:libtflite_support_classifiers_native.so
05-19 10:58:54.354 19221 19304 I RoninKernel_Native: SUCCESS: Ronin Kernel Bridge Hydrated on Worker Thread.
05-19 10:58:54.464 19221 19221 I RoninKernel_Native: Successfully synced cloud providers to internal storage.
05-19 10:58:54.480 19221 19304 W Ro